
   WARN  Unable to respect the `PHP_CLI_SERVER_WORKERS` environment variable without the `--no-reload` flag. Only creating a single server.  

   INFO  Server running on [http://127.0.0.1:8000].  

  Press Ctrl+C to stop the server

  2026-09-20 17:57:45 / ........................................................................................ ~ 8s
  2026-09-20 17:58:10 / ........................................................................................ ~ 1s
  2026-09-20 17:58:27 /staff ................................................................................... ~ 1s
  2026-09-20 18:04:06 / ........................................................................................ ~ 1s
  2026-09-20 18:04:07 /assets/diocese-of-dumaguete.jpg ................................................... ~ 505.58ms
  2026-09-20 18:04:07 /ajax.js ........................................................................... ~ 511.35ms
  2026-09-20 18:04:07 /certificate-request.js .............................................................. ~ 0.83ms
  2026-09-20 18:04:08 /assets/certificate-request-hero.png ................................................. ~ 1.12ms
  2026-09-20 18:04:13 / .................................................................................. ~ 505.91ms
  2026-09-20 18:04:14 /assets/diocese-of-dumaguete.jpg ..................................................... ~ 0.56ms
  2026-09-20 18:04:14 /ajax.js ............................................................................. ~ 2.51ms
  2026-09-20 18:04:14 /certificate-request.js .............................................................. ~ 0.29ms
  2026-09-20 18:04:15 /assets/certificate-request-hero.png ................................................. ~ 0.85ms
  2026-09-20 18:04:15 /favicon.ico ......................................................................... ~ 1.08ms
  2026-09-20 18:04:26 /admin ................................................................................... ~ 2s
  2026-09-20 18:04:28 /favicon.ico ......................................................................... ~ 0.39ms
  2026-09-20 18:04:30 /staff ............................................................................. ~ 512.27ms
  2026-09-20 18:04:31 /app.js .............................................................................. ~ 0.37ms
  2026-09-20 18:04:31 /ajax.js ............................................................................. ~ 2.73ms
  2026-09-20 18:04:31 /api/v1/auth/me .......................................................................... ~ 1s
  2026-09-20 18:04:32 /favicon.ico ......................................................................... ~ 0.32ms
  2026-09-20 18:21:31 /staff ................................................................................... ~ 1s
  2026-09-20 18:22:12 /staff ................................................................................... ~ 1s
  2026-09-20 18:22:13 /ajax.js ............................................................................. ~ 0.67ms
  2026-09-20 18:22:13 /app.js .............................................................................. ~ 5.78ms
  2026-09-20 18:22:14 /api/v1/auth/me .......................................................................... ~ 1s
  2026-09-20 18:22:15 /favicon.ico ......................................................................... ~ 0.68ms
  2026-09-20 18:24:19 /staff ................................................................................... ~ 1s
  2026-09-20 18:24:19 /app.js .................................................................................. ~ 1s
  2026-09-20 18:24:19 /ajax.js ............................................................................. ~ 2.59ms
  2026-09-20 18:24:20 /api/v1/auth/me .................................................................... ~ 510.00ms
  2026-09-20 18:24:20 /favicon.ico ......................................................................... ~ 0.36ms
  2026-09-20 18:24:20 /assets/diocese-of-dumaguete.jpg ..................................................... ~ 0.36ms
  2026-09-20 18:29:30 /staff ............................................................................. ~ 513.07ms
  2026-09-20 18:30:11 /staff ............................................................................. ~ 501.25ms
  2026-09-20 18:30:12 /ajax.js ............................................................................. ~ 0.41ms
  2026-09-20 18:30:12 /app.js .............................................................................. ~ 2.62ms
  2026-09-20 18:30:12 /api/v1/auth/me .................................................................... ~ 500.90ms
  2026-09-20 18:30:13 /favicon.ico ......................................................................... ~ 0.45ms
  2026-09-20 18:30:13 /assets/diocese-of-dumaguete.jpg ..................................................... ~ 0.45ms
  2026-09-20 18:32:06 /staff ............................................................................. ~ 508.52ms
  2026-09-20 18:32:52 /staff ............................................................................. ~ 507.33ms
  2026-09-20 18:32:52 /ajax.js ............................................................................. ~ 0.43ms
  2026-09-20 18:32:52 /app.js .............................................................................. ~ 0.38ms
  2026-09-20 18:32:52 /api/v1/auth/me .................................................................... ~ 506.12ms
  2026-09-20 18:32:53 /favicon.ico ......................................................................... ~ 0.60ms
  2026-09-20 18:32:53 /assets/diocese-of-dumaguete.jpg ..................................................... ~ 0.43ms
  2026-09-20 18:34:39 /staff ............................................................................... ~ 0.71ms
  2026-09-20 18:35:00 /staff ............................................................................. ~ 502.31ms
  2026-09-20 18:35:00 /ajax.js ........................................................................... ~ 506.15ms
  2026-09-20 18:35:01 /app.js .............................................................................. ~ 3.75ms
  2026-09-20 18:35:01 /api/v1/auth/me .......................................................................... ~ 1s
  2026-09-20 18:35:02 /favicon.ico ......................................................................... ~ 0.39ms
  2026-09-20 18:35:02 /assets/diocese-of-dumaguete.jpg ..................................................... ~ 0.39ms
  2026-09-20 18:36:15 /api/v1/auth/login ....................................................................... ~ 3s
  2026-09-20 18:36:18 /api/v1/certificate-requests ............................................................. ~ 3s
  2026-09-20 18:36:18 /api/v1/issuance-logs .................................................................... ~ 4s
  2026-09-20 18:36:21 /api/v1/records .......................................................................... ~ 1s
  2026-09-20 18:36:23 /api/v1/auth/logout .................................................................. ~ 1.14ms
  2026-09-20 18:37:22 /staff ............................................................................. ~ 501.31ms
  2026-09-20 18:37:22 /ajax.js ........................................................................... ~ 502.04ms
  2026-09-20 18:37:22 /app.js .............................................................................. ~ 6.64ms
  2026-09-20 18:37:23 /api/v1/auth/me .................................................................... ~ 509.41ms
  2026-09-20 18:37:23 /favicon.ico ......................................................................... ~ 0.32ms
  2026-09-20 18:37:23 /assets/diocese-of-dumaguete.jpg ..................................................... ~ 0.33ms
  2026-09-20 18:38:55 /staff ............................................................................. ~ 504.40ms
  2026-09-20 18:38:55 /ajax.js ............................................................................. ~ 0.36ms
  2026-09-20 18:38:56 /app.js .............................................................................. ~ 2.49ms
  2026-09-20 18:38:56 /api/v1/auth/me .................................................................... ~ 507.17ms
  2026-09-20 18:38:56 /favicon.ico ......................................................................... ~ 0.31ms
  2026-09-20 18:38:56 /assets/diocese-of-dumaguete.jpg ..................................................... ~ 0.29ms
  2026-09-20 18:39:44 /staff ............................................................................. ~ 509.62ms
  2026-09-20 18:39:45 /ajax.js ............................................................................. ~ 0.41ms
  2026-09-20 18:39:45 /app.js .............................................................................. ~ 0.33ms
  2026-09-20 18:39:45 /api/v1/auth/me .......................................................................... ~ 1s
  2026-09-20 18:39:45 /favicon.ico ......................................................................... ~ 0.36ms
  2026-09-20 18:39:45 /assets/diocese-of-dumaguete.jpg ..................................................... ~ 0.31ms
  2026-09-20 18:39:46 /staff ............................................................................. ~ 502.15ms
  2026-09-20 18:39:47 /ajax.js ............................................................................. ~ 0.37ms
  2026-09-20 18:39:47 /app.js .............................................................................. ~ 2.21ms
  2026-09-20 18:39:47 /api/v1/auth/me ...................................................................... ~ 0.89ms
  2026-09-20 18:39:47 /favicon.ico ......................................................................... ~ 0.31ms
  2026-09-20 18:39:47 /assets/diocese-of-dumaguete.jpg ..................................................... ~ 0.29ms
  2026-09-20 19:05:12 /staff ................................................................................... ~ 1s
  2026-09-20 19:05:13 /assets/9111fe70-fe2d-4e90-a610-68435670fdc4.jpg ..................................... ~ 0.32ms
  2026-09-20 19:18:36 /staff ................................................................................... ~ 1s
  2026-09-20 19:18:37 /ajax.js ............................................................................. ~ 0.72ms
  2026-09-20 19:18:37 /app.js .............................................................................. ~ 5.59ms
  2026-09-20 19:18:37 /api/v1/auth/me .................................................................... ~ 515.18ms
  2026-09-20 19:18:38 /favicon.ico ......................................................................... ~ 0.51ms
  2026-09-20 19:18:38 /assets/diocese-of-dumaguete.jpg ..................................................... ~ 0.28ms
  2026-09-20 19:18:38 /assets/9111fe70-fe2d-4e90-a610-68435670fdc4.jpg ..................................... ~ 0.34ms
  2026-09-20 19:21:53 /api/v1/auth/login ....................................................................... ~ 1s
  2026-09-20 19:21:54 /api/v1/certificate-requests ............................................................. ~ 1s
  2026-09-20 19:21:54 /api/v1/issuance-logs .................................................................... ~ 2s
  2026-09-20 19:21:54 /api/v1/records .......................................................................... ~ 2s
  2026-09-20 19:22:06 /admin ............................................................................. ~ 505.35ms
  2026-09-20 19:22:06 /favicon.ico ....................................................................... ~ 508.95ms
  2026-09-20 19:22:08 /api/v1/auth/me .................................................................... ~ 509.17ms
  2026-09-20 19:22:08 /favicon.ico ....................................................................... ~ 512.08ms
  2026-09-20 19:22:09 /api/v1/certificate-requests ....................................................... ~ 501.88ms
  2026-09-20 19:22:09 /api/v1/issuance-logs .............................................................. ~ 501.70ms
  2026-09-20 19:22:09 /api/v1/records .......................................................................... ~ 1s
  2026-09-20 19:22:10 /assets/diocese-of-dumaguete.jpg ................................................... ~ 518.22ms
  2026-09-20 19:22:11 /api/v1/auth/logout .................................................................. ~ 0.62ms
  2026-09-20 19:22:11 /assets/9111fe70-fe2d-4e90-a610-68435670fdc4.jpg ..................................... ~ 0.34ms
  2026-09-20 19:22:19 /api/v1/auth/login ....................................................................... ~ 1s
  2026-09-20 19:22:20 /api/v1/certificate-requests ....................................................... ~ 514.47ms
  2026-09-20 19:22:20 /api/v1/issuance-logs .................................................................... ~ 1s
  2026-09-20 19:22:20 /api/v1/records .......................................................................... ~ 1s
  2026-09-20 19:22:27 /api/v1/auth/logout ................................................................ ~ 503.37ms
  2026-09-20 19:22:39 /api/v1/auth/login ....................................................................... ~ 1s
  2026-09-20 19:22:40 /api/v1/certificate-requests ....................................................... ~ 505.43ms
  2026-09-20 19:22:41 /api/v1/issuance-logs .............................................................. ~ 514.08ms
  2026-09-20 19:22:41 /api/v1/records .......................................................................... ~ 1s
  2026-09-20 19:43:58 /staff ................................................................................... ~ 2s
  2026-09-20 19:44:45 /staff ................................................................................... ~ 1s
  2026-09-20 19:44:45 /ajax.js ................................................................................. ~ 2s
  2026-09-20 19:44:47 /app.js ............................................................................ ~ 722.25ms
  2026-09-20 19:44:49 /api/v1/auth/me .......................................................................... ~ 1s
  2026-09-20 19:44:50 /favicon.ico ......................................................................... ~ 0.95ms
  2026-09-20 19:44:50 /api/v1/certificate-requests ............................................................. ~ 1s
  2026-09-20 19:44:50 /api/v1/issuance-logs .................................................................... ~ 2s
  2026-09-20 19:44:50 /api/v1/records .......................................................................... ~ 3s
  2026-09-20 19:44:52 /assets/diocese-of-dumaguete.jpg ......................................................... ~ 2s
  2026-09-20 19:44:56 /api/v1/certificate-requests ............................................................. ~ 1s
  2026-09-20 19:56:01 /api/v1/records .......................................................................... ~ 1s
  2026-09-20 19:56:04 /api/v1/issuance-logs .................................................................... ~ 1s
  2026-09-20 19:56:06 /api/v1/certificate-requests ............................................................. ~ 1s
  2026-09-20 19:56:06 /api/v1/issuance-logs .................................................................... ~ 1s
  2026-09-20 19:56:07 /api/v1/records .......................................................................... ~ 1s
